building the system configuration...
warning: Git tree '/home/ashpex/nixos-config' is dirty
these 4 derivations will be built:
  /nix/store/jw2zlml894sjkalw0dw3y3fy8cc286p3-unit-home-manager-ashpex.service.drv
  /nix/store/iga7l1xkzdr7v0n6xlbhg19nns9p0n25-system-units.drv
  /nix/store/2w3a262mw72axfg0byxgkk6fmki8hx92-etc.drv
  /nix/store/7cpk9kdh4bzcl5i4jdbxw9a2b79b49ln-nixos-system-nixos-25.11.20260221.afbbf77.drv
building '/nix/store/jw2zlml894sjkalw0dw3y3fy8cc286p3-unit-home-manager-ashpex.service.drv'...
building '/nix/store/iga7l1xkzdr7v0n6xlbhg19nns9p0n25-system-units.drv'...
building '/nix/store/2w3a262mw72axfg0byxgkk6fmki8hx92-etc.drv'...
building '/nix/store/7cpk9kdh4bzcl5i4jdbxw9a2b79b49ln-nixos-system-nixos-25.11.20260221.afbbf77.drv'...
Done. The new configuration is /nix/store/cjsksf4qlvdmvv0qq57q5i0iq3r5fhf6-nixos-system-nixos-25.11.20260221.afbbf77
